2026-07-08 08:00:00 INFO    User "root" logged out
2026-07-08 08:00:32 WARNING Disk usage at 94% on volume /var
2026-07-08 08:00:34 WARNING Memory usage above threshold (75%)
2026-07-08 08:01:18 DENIED  Access Denied for user "root" on resource /api/v1/users
2026-07-08 08:01:48 DENIED  Access Denied for user "root" on resource /v1/status
2026-07-08 08:01:55 WARNING Memory usage above threshold (96%)
2026-07-08 08:01:00 ERROR   Timeout error connecting to service auth-service
2026-07-08 08:03:09 DENIED  Access Denied for IP 203.0.113.7 on port 22
2026-07-08 08:02:40 WARNING Deprecated API endpoint /config used
2026-07-08 08:02:51 INFO    Configuration reloaded
2026-07-08 08:06:00 INFO    Cron job "cleanup_tmp" finished
2026-07-08 08:05:52 WARNING Disk usage at 77% on volume /var
2026-07-08 08:02:48 INFO    Cache refreshed for module report_generator
2026-07-08 08:04:33 WARNING Deprecated API endpoint /v1/status used
2026-07-08 08:05:22 INFO    User "analyst" logged out
2026-07-08 08:09:15 ERROR   Connection error while reaching database host db-01
2026-07-08 08:09:36 ERROR   Unhandled exception in module auth_handler
2026-07-08 08:02:50 INFO    Health check passed
2026-07-08 08:11:24 ERROR   File not found error: /data/reports/2026-06.csv
2026-07-08 08:10:27 DENIED  Access Denied for IP 192.168.1.44 on port 22
2026-07-08 08:06:20 WARNING Disk usage at 77% on volume /var
2026-07-08 08:03:09 ERROR   Disk write error on volume /var/log
2026-07-08 08:12:50 WARNING High latency detected for service db-01
2026-07-08 08:12:16 DENIED  Access Denied: insufficient permissions for user "analyst"
2026-07-08 08:08:00 INFO    Cron job "cleanup_tmp" finished
2026-07-08 08:08:20 FAILED  Authentication failure for user "guest" from 172.16.5.9
2026-07-08 08:08:40 INFO    User "operator" logged in
2026-07-08 08:13:03 INFO    Cache refreshed for module cache_manager
2026-07-08 08:07:56 INFO    Configuration reloaded
2026-07-08 08:03:52 INFO    Health check passed
2026-07-08 08:04:30 INFO    User "test" logged in
2026-07-08 08:16:01 INFO    New session created for user "service_bot"
2026-07-08 08:12:48 INFO    User "backup_user" logged out
2026-07-08 08:21:27 INFO    Configuration reloaded
2026-07-08 08:08:30 ERROR   Unhandled exception in module session_store
2026-07-08 08:23:20 INFO    Health check passed
2026-07-08 08:13:48 ERROR   Null pointer error in module cache_manager
2026-07-08 08:06:10 INFO    Cron job "cleanup_tmp" finished
2026-07-08 08:20:54 INFO    User "analyst" logged in
2026-07-08 08:26:00 DENIED  Access Denied: insufficient permissions for user "operator"
2026-07-08 08:13:20 INFO    Scheduled backup completed successfully
2026-07-08 08:10:56 INFO    Scheduled backup completed successfully
2026-07-08 08:10:30 ERROR   Null pointer error in module auth_handler
2026-07-08 08:13:37 ERROR   Connection error while reaching database host db-01
2026-07-08 08:19:48 ERROR   Timeout error connecting to service auth-service
2026-07-08 08:15:45 WARNING High latency detected for service cache-redis
2026-07-08 08:09:12 WARNING Disk usage at 88% on volume /var
2026-07-08 08:30:33 WARNING Disk usage at 85% on volume /var
2026-07-08 08:29:36 ERROR   Unhandled exception in module billing_module
2026-07-08 08:13:53 INFO    Cron job "cleanup_tmp" finished
2026-07-08 08:33:20 DENIED  Access Denied: insufficient permissions for user "admin"
2026-07-08 08:28:03 FAILED  Login failed for user "backup_user" — invalid password
2026-07-08 08:19:56 INFO    Health check passed
2026-07-08 08:06:11 INFO    Scheduled backup completed successfully
2026-07-08 08:32:24 DENIED  Access Denied for IP 10.0.0.15 on resource /api/v1/users
2026-07-08 08:14:40 INFO    Cache refreshed for module report_generator
2026-07-08 08:37:20 WARNING High latency detected for service report_generator
2026-07-08 08:33:15 INFO    Cache refreshed for module cache_manager
2026-07-08 08:21:16 INFO    Configuration reloaded
2026-07-08 08:09:50 WARNING Disk usage at 81% on volume /var
2026-07-08 08:31:00 DENIED  Access Denied for IP 192.168.1.101 on resource /config
2026-07-08 08:06:06 WARNING High latency detected for service auth-service
2026-07-08 08:40:18 WARNING High latency detected for service auth-service
2026-07-08 08:31:30 ERROR   Unhandled exception in module session_store
2026-07-08 08:06:24 WARNING Deprecated API endpoint /config used
2026-07-08 08:27:05 DENIED  Access Denied: insufficient permissions for user "test"
2026-07-08 08:38:30 INFO    User "admin" logged out
2026-07-08 08:06:42 INFO    Cache refreshed for module auth_handler
2026-07-08 08:20:24 INFO    User "backup_user" logged out
2026-07-08 08:27:36 INFO    New session created for user "guest"
2026-07-08 08:10:30 INFO    User "test" logged in
2026-07-08 08:46:09 DENIED  Access Denied for user "analyst" on resource /reports
2026-07-08 08:43:12 DENIED  Access Denied for IP 172.16.5.9 on resource /reports
2026-07-08 08:46:14 INFO    Cron job "cleanup_tmp" finished
2026-07-08 08:24:40 ERROR   Disk write error on volume /var/log
2026-07-08 08:32:30 DENIED  Access Denied: insufficient permissions for user "admin"
2026-07-08 08:27:52 ERROR   Disk write error on volume /var/log
2026-07-08 08:46:12 DENIED  Access Denied for user "test" on resource /config
2026-07-08 08:24:42 ERROR   Unhandled exception in module session_store
2026-07-08 08:35:33 WARNING Deprecated API endpoint /backup used
2026-07-08 08:28:00 ERROR   Unhandled exception in module cache_manager
2026-07-08 08:22:57 INFO    Cron job "cleanup_tmp" finished
2026-07-08 08:23:14 INFO    Health check passed
2026-07-08 08:09:41 ERROR   Connection error while reaching database host report_generator
2026-07-08 08:32:12 INFO    Cache refreshed for module auth_handler
2026-07-08 08:12:45 INFO    Cron job "cleanup_tmp" finished
2026-07-08 08:28:40 INFO    Scheduled backup completed successfully
2026-07-08 08:42:03 WARNING Certificate for mail-relay expires soon
2026-07-08 08:16:08 INFO    Health check passed
2026-07-08 08:13:21 WARNING Disk usage at 84% on volume /var
2026-07-08 08:34:30 INFO    Scheduled backup completed successfully
2026-07-08 08:18:12 DENIED  Access Denied for IP 203.0.113.7 on port 22
2026-07-08 08:35:16 ERROR   Null pointer error in module cache_manager
2026-07-08 09:00:27 WARNING Deprecated API endpoint /admin/panel used
2026-07-08 08:09:24 ERROR   Null pointer error in module session_store
2026-07-08 08:11:05 WARNING Certificate for report_generator expires soon
2026-07-08 08:57:36 DENIED  Access Denied for user "guest" on resource /reports
2026-07-08 08:42:02 INFO    User "analyst" logged in
2026-07-08 08:16:20 FAILED  Authentication failure for user "service_bot" from 10.0.0.22
2026-07-08 08:56:06 WARNING High latency detected for service mail-relay
2026-07-08 08:30:00 INFO    User "root" logged out
2026-07-08 08:33:40 INFO    Scheduled backup completed successfully
2026-07-08 08:57:48 INFO    Cron job "cleanup_tmp" finished
2026-07-08 09:00:05 DENIED  Access Denied for IP 10.0.0.15 on port 22
2026-07-08 08:38:08 INFO    Cron job "cleanup_tmp" finished
2026-07-08 09:03:00 WARNING Certificate for cache-redis expires soon
2026-07-08 09:00:04 DENIED  Access Denied for IP 10.0.0.15 on resource /v1/status
2026-07-08 08:44:35 INFO    Health check passed
2026-07-08 08:46:48 WARNING Memory usage above threshold (98%)
2026-07-08 08:25:26 DENIED  Access Denied for user "guest" on resource /reports
2026-07-08 09:11:30 ERROR   Connection error while reaching database host report_generator
2026-07-08 08:37:00 INFO    User "root" logged out
2026-07-08 08:28:00 FAILED  Failed to connect to service auth-service
2026-07-08 08:26:22 DENIED  Access Denied for user "test" on resource /config
2026-07-08 08:38:00 DENIED  Access Denied for IP 192.168.1.101 on resource /api/v1/users
2026-07-08 08:09:35 ERROR   Null pointer error in module auth_handler
2026-07-08 08:46:24 WARNING High latency detected for service cache-redis
2026-07-08 08:39:00 INFO    User "analyst" logged in
2026-07-08 08:43:16 DENIED  Access Denied for IP 192.168.1.101 on resource /v1/status
2026-07-08 08:37:41 ERROR   Disk write error on volume /var/log
2026-07-08 08:22:00 INFO    Health check passed
2026-07-08 08:46:23 INFO    Configuration reloaded
2026-07-08 09:15:14 WARNING Disk usage at 85% on volume /var
2026-07-08 08:18:27 FAILED  Failed to connect to service report_generator
2026-07-08 09:02:00 INFO    Cron job "cleanup_tmp" finished
2026-07-08 09:00:25 WARNING Certificate for db-01 expires soon
2026-07-08 08:39:54 ERROR   Connection error while reaching database host report_generator
2026-07-08 08:14:49 INFO    Health check passed
2026-07-08 09:12:32 DENIED  Access Denied for IP 203.0.113.7 on port 22
2026-07-08 08:23:39 DENIED  Access Denied for IP 192.168.1.101 on port 22
2026-07-08 09:11:30 FAILED  Failed to connect to service report_generator
2026-07-08 09:05:30 INFO    User "root" logged in
2026-07-08 08:57:12 INFO    Scheduled backup completed successfully
2026-07-08 08:39:54 WARNING Memory usage above threshold (79%)
2026-07-08 08:46:54 WARNING Memory usage above threshold (86%)
2026-07-08 08:56:15 WARNING Certificate for payment-gateway expires soon
2026-07-08 08:20:24 INFO    Scheduled backup completed successfully
2026-07-08 09:26:46 INFO    New session created for user "root"
2026-07-08 09:22:48 INFO    Health check passed
2026-07-08 09:32:40 ERROR   Unhandled exception in module cache_manager
2026-07-08 08:25:40 DENIED  Access Denied for IP 203.0.113.7 on port 22
2026-07-08 09:01:06 DENIED  Access Denied: insufficient permissions for user "backup_user"
2026-07-08 09:06:16 ERROR   Connection error while reaching database host payment-gateway
2026-07-08 08:26:13 DENIED  Access Denied: insufficient permissions for user "service_bot"
2026-07-08 09:14:24 INFO    Cron job "cleanup_tmp" finished
2026-07-08 08:26:35 DENIED  Access Denied: insufficient permissions for user "test"
2026-07-08 09:08:08 WARNING Certificate for db-01 expires soon
2026-07-08 08:14:42 WARNING Disk usage at 86% on volume /var
2026-07-08 08:34:32 INFO    Scheduled backup completed successfully
2026-07-08 09:16:59 DENIED  Access Denied for user "backup_user" on resource /api/v1/users
2026-07-08 08:35:00 INFO    New session created for user "operator"
2026-07-08 09:23:03 FAILED  Authentication failure for user "analyst" from 10.0.0.22
2026-07-08 09:31:12 ERROR   Timeout error connecting to service cache-redis
2026-07-08 08:45:54 ERROR   Disk write error on volume /var/log
2026-07-08 08:41:04 DENIED  Access Denied: insufficient permissions for user "operator"
2026-07-08 09:17:30 INFO    New session created for user "admin"
2026-07-08 09:18:00 WARNING Certificate for cache-redis expires soon
2026-07-08 09:13:16 FAILED  Authentication failure for user "guest" from 172.16.5.9
2026-07-08 09:03:12 DENIED  Access Denied for user "service_bot" on resource /reports
2026-07-08 09:38:03 WARNING Memory usage above threshold (78%)
2026-07-08 08:45:20 ERROR   File not found error: /data/reports/2026-02.csv
2026-07-08 09:28:33 FAILED  Failed to write session data for user "service_bot"
2026-07-08 08:59:24 ERROR   Connection error while reaching database host payment-gateway
2026-07-08 09:16:04 INFO    New session created for user "root"
2026-07-08 09:49:20 FAILED  Failed to write session data for user "admin"
2026-07-08 08:38:30 WARNING Memory usage above threshold (95%)
2026-07-08 08:55:20 INFO    Configuration reloaded
2026-07-08 09:20:43 ERROR   Disk write error on volume /var/log
2026-07-08 08:25:12 ERROR   Disk write error on volume /var/log
2026-07-08 09:13:14 INFO    New session created for user "guest"
2026-07-08 08:28:20 INFO    User "root" logged out
2026-07-08 09:45:27 DENIED  Access Denied for IP 192.168.1.44 on resource /reports
2026-07-08 08:54:28 INFO    User "operator" logged in
2026-07-08 08:37:29 ERROR   Disk write error on volume /var/log
2026-07-08 08:20:18 FAILED  Failed to connect to service report_generator
2026-07-08 08:55:25 FAILED  Failed to write session data for user "test"
2026-07-08 09:07:28 FAILED  Login failed for user "analyst" — invalid password
2026-07-08 08:23:36 ERROR   Null pointer error in module session_store
2026-07-08 08:44:30 INFO    Cache refreshed for module billing_module
2026-07-08 08:17:54 DENIED  Access Denied for user "analyst" on resource /config
2026-07-08 08:57:00 DENIED  Access Denied for IP 10.0.0.22 on port 22
2026-07-08 09:09:23 INFO    User "backup_user" logged in
2026-07-08 08:18:12 INFO    User "root" logged out
2026-07-08 09:01:00 ERROR   File not found error: /data/reports/2026-06.csv
2026-07-08 08:36:48 INFO    Health check passed
2026-07-08 09:38:40 ERROR   Disk write error on volume /var/log
2026-07-08 09:57:48 INFO    User "service_bot" logged in
2026-07-08 09:49:05 DENIED  Access Denied: insufficient permissions for user "admin"
2026-07-08 09:24:36 INFO    Configuration reloaded
2026-07-08 08:22:03 INFO    Cache refreshed for module auth_handler
2026-07-08 08:50:40 FAILED  Authentication failure for user "operator" from 192.168.1.44
2026-07-08 08:22:17 INFO    User "service_bot" logged in
2026-07-08 09:13:36 INFO    New session created for user "service_bot"
2026-07-08 09:46:09 DENIED  Access Denied: insufficient permissions for user "analyst"
2026-07-08 09:43:28 INFO    User "guest" logged out
2026-07-08 09:21:15 INFO    Cache refreshed for module billing_module
2026-07-08 09:47:48 DENIED  Access Denied for user "admin" on resource /reports
2026-07-08 09:38:30 INFO    Cache refreshed for module auth_handler
2026-07-08 08:42:54 INFO    User "guest" logged in
2026-07-08 09:49:27 INFO    Configuration reloaded
2026-07-08 09:23:20 DENIED  Access Denied for IP 10.0.0.15 on resource /admin/panel
2026-07-08 08:40:12 WARNING High latency detected for service cache-redis
2026-07-08 08:40:24 INFO    Configuration reloaded
2026-07-08 08:30:27 DENIED  Access Denied for IP 10.0.0.22 on port 22
2026-07-08 08:57:48 INFO    Configuration reloaded
2026-07-08 10:16:40 FAILED  Failed to write session data for user "operator"
2026-07-08 09:46:26 WARNING High latency detected for service db-01
2026-07-08 10:11:06 FAILED  Failed to write session data for user "service_bot"
2026-07-08 08:27:44 WARNING Memory usage above threshold (85%)
2026-07-08 10:12:22 DENIED  Access Denied: insufficient permissions for user "root"
2026-07-08 08:35:00 WARNING Certificate for db-01 expires soon
2026-07-08 08:24:37 ERROR   Timeout error connecting to service report_generator
2026-07-08 09:49:32 WARNING High latency detected for service mail-relay
2026-07-08 09:46:30 INFO    New session created for user "root"
2026-07-08 10:01:16 FAILED  Failed to connect to service db-01
2026-07-08 09:47:30 DENIED  Access Denied for IP 10.0.0.22 on resource /backup
2026-07-08 09:19:12 INFO    New session created for user "backup_user"
2026-07-08 08:54:15 INFO    Cache refreshed for module auth_handler
2026-07-08 10:03:32 WARNING High latency detected for service payment-gateway
2026-07-08 09:05:42 INFO    Cache refreshed for module billing_module
2026-07-08 10:23:00 ERROR   File not found error: /data/reports/2026-06.csv
2026-07-08 08:25:47 DENIED  Access Denied: insufficient permissions for user "analyst"
2026-07-08 09:47:18 INFO    User "backup_user" logged out
2026-07-08 09:44:04 DENIED  Access Denied for IP 192.168.1.101 on resource /reports
2026-07-08 08:26:08 WARNING Certificate for report_generator expires soon
2026-07-08 08:52:30 FAILED  Failed to connect to service auth-service
2026-07-08 09:37:56 WARNING Deprecated API endpoint /backup used
2026-07-08 08:45:24 ERROR   Null pointer error in module report_generator
2026-07-08 09:12:12 WARNING Certificate for db-01 expires soon
2026-07-08 08:53:26 DENIED  Access Denied for IP 192.168.1.44 on resource /backup
2026-07-08 09:58:50 ERROR   File not found error: /data/reports/2026-05.csv
2026-07-08 08:50:03 INFO    Configuration reloaded
2026-07-08 10:11:28 INFO    Scheduled backup completed successfully
2026-07-08 09:25:26 INFO    Cache refreshed for module auth_handler
2026-07-08 10:16:30 ERROR   Disk write error on volume /var/log
2026-07-08 09:53:35 WARNING Disk usage at 97% on volume /var
2026-07-08 10:09:48 DENIED  Access Denied: insufficient permissions for user "root"
2026-07-08 09:26:54 WARNING Disk usage at 82% on volume /var
2026-07-08 09:15:22 WARNING Disk usage at 90% on volume /var
2026-07-08 08:19:55 INFO    Cron job "cleanup_tmp" finished
2026-07-08 09:32:00 ERROR   Disk write error on volume /var/log
2026-07-08 09:04:16 INFO    Cron job "cleanup_tmp" finished
2026-07-08 08:20:10 INFO    Cache refreshed for module cache_manager
2026-07-08 10:29:51 INFO    Cache refreshed for module cache_manager
2026-07-08 09:05:04 ERROR   Timeout error connecting to service auth-service
2026-07-08 10:10:40 DENIED  Access Denied for IP 192.168.1.44 on resource /config
2026-07-08 09:22:00 ERROR   Null pointer error in module billing_module
2026-07-08 08:20:35 ERROR   Connection error while reaching database host report_generator
2026-07-08 09:39:12 FAILED  Failed to connect to service mail-relay
2026-07-08 09:18:51 DENIED  Access Denied: insufficient permissions for user "test"
2026-07-08 10:46:40 DENIED  Access Denied for user "backup_user" on resource /v1/status
2026-07-08 10:18:03 WARNING Certificate for payment-gateway expires soon
2026-07-08 10:43:48 INFO    Scheduled backup completed successfully
2026-07-08 10:31:48 WARNING High latency detected for service payment-gateway
2026-07-08 08:33:52 FAILED  Authentication failure for user "backup_user" from 203.0.113.7
2026-07-08 08:38:15 INFO    User "admin" logged out
2026-07-08 08:29:52 FAILED  Failed to write session data for user "root"
2026-07-08 10:04:13 DENIED  Access Denied for user "guest" on resource /v1/status
2026-07-08 10:47:42 INFO    User "analyst" logged in
2026-07-08 10:26:46 ERROR   Timeout error connecting to service db-01
2026-07-08 09:13:40 ERROR   Timeout error connecting to service cache-redis
2026-07-08 08:39:09 INFO    User "guest" logged in
2026-07-08 08:30:34 INFO    Health check passed
2026-07-08 09:40:49 WARNING Deprecated API endpoint /backup used
2026-07-08 09:45:36 INFO    User "operator" logged in
2026-07-08 09:10:40 WARNING High latency detected for service payment-gateway
2026-07-08 09:50:50 WARNING High latency detected for service auth-service
2026-07-08 09:24:33 INFO    New session created for user "root"
2026-07-08 10:49:44 WARNING Disk usage at 95% on volume /var
2026-07-08 10:05:32 FAILED  Authentication failure for user "guest" from 192.168.1.101
2026-07-08 09:16:30 INFO    Scheduled backup completed successfully
2026-07-08 10:38:05 INFO    Configuration reloaded
2026-07-08 10:11:28 ERROR   Unhandled exception in module cache_manager
2026-07-08 10:34:42 FAILED  Failed to write session data for user "guest"
2026-07-08 09:26:46 INFO    New session created for user "operator"
2026-07-08 09:04:10 ERROR   File not found error: /data/reports/2026-07.csv
2026-07-08 09:59:36 WARNING Deprecated API endpoint /v1/status used
2026-07-08 09:00:01 INFO    User "backup_user" logged out
2026-07-08 08:23:10 INFO    User "analyst" logged in
2026-07-08 10:52:03 INFO    Cache refreshed for module session_store
2026-07-08 08:23:20 INFO    User "analyst" logged in
2026-07-08 10:29:52 WARNING Certificate for mail-relay expires soon
2026-07-08 09:38:42 WARNING Certificate for payment-gateway expires soon
2026-07-08 09:29:37 INFO    New session created for user "root"
2026-07-08 11:09:20 DENIED  Access Denied for IP 192.168.1.44 on resource /v1/status
2026-07-08 08:52:15 ERROR   Connection error while reaching database host report_generator
2026-07-08 09:44:52 INFO    New session created for user "admin"
2026-07-08 09:54:48 INFO    Configuration reloaded
2026-07-08 09:02:24 DENIED  Access Denied for IP 192.168.1.101 on port 22
2026-07-08 10:05:14 INFO    Cache refreshed for module cache_manager
2026-07-08 10:10:30 INFO    User "analyst" logged out
2026-07-08 09:37:00 ERROR   Timeout error connecting to service db-01
2026-07-08 10:01:40 DENIED  Access Denied: insufficient permissions for user "service_bot"
2026-07-08 09:03:29 INFO    New session created for user "guest"
2026-07-08 08:29:24 INFO    New session created for user "guest"
2026-07-08 09:53:05 INFO    Health check passed
2026-07-08 09:14:00 DENIED  Access Denied for IP 10.0.0.22 on port 22
2026-07-08 09:48:54 DENIED  Access Denied for IP 10.0.0.22 on resource /config
2026-07-08 10:48:52 INFO    New session created for user "guest"
2026-07-08 10:44:27 ERROR   Unhandled exception in module auth_handler
2026-07-08 10:55:00 INFO    Cache refreshed for module cache_manager
2026-07-08 09:40:20 WARNING Memory usage above threshold (93%)
2026-07-08 11:16:18 WARNING High latency detected for service payment-gateway
2026-07-08 08:45:27 ERROR   Disk write error on volume /var/log
2026-07-08 10:42:08 INFO    New session created for user "analyst"
2026-07-08 08:35:35 WARNING Deprecated API endpoint /backup used
2026-07-08 08:35:42 INFO    Scheduled backup completed successfully
2026-07-08 11:14:26 WARNING Certificate for cache-redis expires soon
2026-07-08 09:11:52 WARNING Disk usage at 77% on volume /var
2026-07-08 10:19:03 INFO    Cache refreshed for module session_store
2026-07-08 10:50:30 INFO    User "backup_user" logged out
2026-07-08 10:14:46 INFO    Health check passed
2026-07-08 11:28:00 ERROR   Disk write error on volume /var/log
2026-07-08 10:36:30 DENIED  Access Denied for IP 203.0.113.7 on resource /backup
2026-07-08 09:34:12 INFO    Health check passed
2026-07-08 10:11:15 DENIED  Access Denied: insufficient permissions for user "test"
2026-07-08 10:38:00 DENIED  Access Denied: insufficient permissions for user "guest"
2026-07-08 08:52:50 WARNING Deprecated API endpoint /admin/panel used
2026-07-08 11:16:06 INFO    Health check passed
2026-07-08 11:27:21 FAILED  Failed to connect to service cache-redis
2026-07-08 08:42:40 FAILED  Failed to write session data for user "service_bot"
2026-07-08 11:12:36 DENIED  Access Denied for user "analyst" on resource /config
2026-07-08 10:03:26 INFO    Cache refreshed for module cache_manager
2026-07-08 11:19:11 WARNING Certificate for auth-service expires soon
2026-07-08 10:58:12 INFO    Cache refreshed for module auth_handler
2026-07-08 10:26:15 ERROR   Unhandled exception in module auth_handler
2026-07-08 10:53:52 DENIED  Access Denied: insufficient permissions for user "operator"
2026-07-08 09:59:54 WARNING Certificate for auth-service expires soon
2026-07-08 09:11:04 INFO    Scheduled backup completed successfully
2026-07-08 10:17:05 INFO    Cron job "cleanup_tmp" finished
2026-07-08 10:39:30 DENIED  Access Denied: insufficient permissions for user "backup_user"
2026-07-08 11:07:34 DENIED  Access Denied: insufficient permissions for user "backup_user"
2026-07-08 11:35:48 INFO    Cron job "cleanup_tmp" finished
2026-07-08 11:42:00 ERROR   Disk write error on volume /var/log
2026-07-08 08:33:24 FAILED  Login failed for user "guest" — invalid password
2026-07-08 09:23:45 ERROR   Disk write error on volume /var/log
2026-07-08 08:44:48 INFO    User "analyst" logged out
2026-07-08 08:28:05 INFO    Cache refreshed for module session_store
2026-07-08 08:28:10 INFO    Scheduled backup completed successfully
2026-07-08 08:56:30 DENIED  Access Denied for IP 192.168.1.44 on port 22
2026-07-08 08:51:00 INFO    Scheduled backup completed successfully
2026-07-08 10:56:11 INFO    New session created for user "backup_user"
2026-07-08 11:02:24 DENIED  Access Denied: insufficient permissions for user "service_bot"
2026-07-08 10:17:12 INFO    Cron job "cleanup_tmp" finished
2026-07-08 09:54:40 INFO    User "backup_user" logged out
2026-07-08 08:28:45 WARNING Certificate for cache-redis expires soon
2026-07-08 11:21:50 INFO    User "guest" logged in
2026-07-08 10:53:30 INFO    New session created for user "root"
2026-07-08 11:46:12 INFO    Health check passed
2026-07-08 10:25:25 WARNING High latency detected for service report_generator
2026-07-08 08:46:40 INFO    User "test" logged in
2026-07-08 09:33:36 ERROR   Null pointer error in module report_generator
2026-07-08 11:42:56 WARNING Disk usage at 78% on volume /var
2026-07-08 11:08:16 ERROR   File not found error: /data/reports/2026-06.csv
2026-07-08 11:38:18 FAILED  Failed to connect to service mail-relay
2026-07-08 09:11:00 INFO    Scheduled backup completed successfully
2026-07-08 11:27:40 INFO    New session created for user "service_bot"
2026-07-08 10:28:45 INFO    Configuration reloaded
2026-07-08 11:40:46 INFO    Cache refreshed for module report_generator
2026-07-08 10:23:36 ERROR   Null pointer error in module report_generator
2026-07-08 10:24:00 WARNING Certificate for mail-relay expires soon
2026-07-08 09:24:14 INFO    User "admin" logged in
2026-07-08 08:30:10 ERROR   Timeout error connecting to service auth-service
2026-07-08 11:37:48 DENIED  Access Denied for IP 10.0.0.15 on resource /v1/status
2026-07-08 11:26:16 DENIED  Access Denied for user "guest" on resource /admin/panel
2026-07-08 08:48:40 WARNING High latency detected for service db-01
2026-07-08 10:32:30 ERROR   Connection error while reaching database host payment-gateway
2026-07-08 09:07:17 INFO    Configuration reloaded
2026-07-08 11:22:24 INFO    Cron job "cleanup_tmp" finished
2026-07-08 09:50:42 INFO    User "service_bot" logged in
2026-07-08 10:09:30 ERROR   Timeout error connecting to service cache-redis
2026-07-08 11:30:14 INFO    Health check passed
2026-07-08 11:06:00 INFO    Cron job "cleanup_tmp" finished
2026-07-08 08:37:18 INFO    User "guest" logged out
2026-07-08 11:31:56 INFO    New session created for user "admin"
2026-07-08 09:40:00 DENIED  Access Denied for user "service_bot" on resource /api/v1/users
2026-07-08 10:24:08 INFO    New session created for user "backup_user"
2026-07-08 11:14:47 INFO    New session created for user "test"
2026-07-08 11:40:30 DENIED  Access Denied for IP 10.0.0.22 on port 22
2026-07-08 10:37:55 INFO    Scheduled backup completed successfully
2026-07-08 09:09:40 INFO    User "test" logged in
2026-07-08 11:04:09 INFO    Configuration reloaded
2026-07-08 08:38:12 WARNING Certificate for db-01 expires soon
2026-07-08 09:42:08 ERROR   Connection error while reaching database host payment-gateway
2026-07-08 11:44:00 WARNING Memory usage above threshold (97%)
2026-07-08 08:51:20 ERROR   Unhandled exception in module auth_handler
2026-07-08 08:57:54 DENIED  Access Denied: insufficient permissions for user "service_bot"
2026-07-08 09:23:51 ERROR   Timeout error connecting to service report_generator
2026-07-08 10:54:36 WARNING Deprecated API endpoint /backup used
2026-07-08 09:43:44 INFO    Configuration reloaded
2026-07-08 09:11:30 INFO    Configuration reloaded
2026-07-08 09:05:10 INFO    User "service_bot" logged out
2026-07-08 10:17:12 DENIED  Access Denied for IP 203.0.113.7 on resource /admin/panel
2026-07-08 11:23:03 INFO    Scheduled backup completed successfully
2026-07-08 11:36:42 INFO    User "guest" logged out
2026-07-08 09:38:45 ERROR   Unhandled exception in module session_store
2026-07-08 08:39:36 FAILED  Authentication failure for user "analyst" from 203.0.113.7
2026-07-08 09:59:06 ERROR   Null pointer error in module session_store
2026-07-08 10:12:40 ERROR   Timeout error connecting to service mail-relay
2026-07-08 11:06:12 INFO    User "admin" logged out